#-----------------------------------------------------------
# Vivado v2020.1 (64-bit)
# SW Build 2902540 on Wed May 27 19:54:49 MDT 2020
# IP Build 2902112 on Wed May 27 22:43:36 MDT 2020
# Start of session at: Tue Oct 27 16:06:55 2020
# Process ID: 22808
# Current directory: C:/Users/s.hoon/Desktop/dot_matrix
# Command line: vivado.exe -gui_launcher_event rodinguilauncherevent11628 C:\Users\s.hoon\Desktop\dot_matrix\dot_matrix.xpr
# Log file: C:/Users/s.hoon/Desktop/dot_matrix/vivado.log
# Journal file: C:/Users/s.hoon/Desktop/dot_matrix\vivado.jou
#-----------------------------------------------------------
start_gui
open_project C:/Users/s.hoon/Desktop/dot_matrix/dot_matrix.xpr
update_compile_order -fileset sources_1
launch_runs impl_1 -jobs 3
wait_on_run impl_1
launch_runs impl_1 -to_step write_bitstream -jobs 3
wait_on_run impl_1
open_hw_manager
connect_hw_server -allow_non_jtag
open_hw_target
set_property PROGRAM.FILE {C:/Users/s.hoon/Desktop/dot_matrix/dot_matrix.runs/impl_1/dot_matrix.bit} [get_hw_devices xc7s25_0]
current_hw_device [get_hw_devices xc7s25_0]
refresh_hw_device -update_hw_probes false [lindex [get_hw_devices xc7s25_0] 0]
set_property PROBES.FILE {} [get_hw_devices xc7s25_0]
set_property FULL_PROBES.FILE {} [get_hw_devices xc7s25_0]
set_property PROGRAM.FILE {C:/Users/s.hoon/Desktop/dot_matrix/dot_matrix.runs/impl_1/dot_matrix.bit} [get_hw_devices xc7s25_0]
program_hw_devices [get_hw_devices xc7s25_0]
refresh_hw_device [lindex [get_hw_devices xc7s25_0] 0]
reset_run synth_1
launch_runs impl_1 -to_step write_bitstream -jobs 3
wait_on_run impl_1
set_property PROBES.FILE {} [get_hw_devices xc7s25_0]
set_property FULL_PROBES.FILE {} [get_hw_devices xc7s25_0]
set_property PROGRAM.FILE {C:/Users/s.hoon/Desktop/dot_matrix/dot_matrix.runs/impl_1/dot_matrix.bit} [get_hw_devices xc7s25_0]
program_hw_devices [get_hw_devices xc7s25_0]
refresh_hw_device [lindex [get_hw_devices xc7s25_0] 0]
reset_run synth_1
launch_runs impl_1 -to_step write_bitstream -jobs 3
wait_on_run impl_1
set_property PROBES.FILE {} [get_hw_devices xc7s25_0]
set_property FULL_PROBES.FILE {} [get_hw_devices xc7s25_0]
set_property PROGRAM.FILE {C:/Users/s.hoon/Desktop/dot_matrix/dot_matrix.runs/impl_1/dot_matrix.bit} [get_hw_devices xc7s25_0]
program_hw_devices [get_hw_devices xc7s25_0]
refresh_hw_device [lindex [get_hw_devices xc7s25_0] 0]
reset_run synth_1
launch_runs impl_1 -jobs 3
wait_on_run impl_1
reset_run impl_1
launch_runs impl_1 -jobs 3
wait_on_run impl_1
reset_run synth_1
launch_runs impl_1 -to_step write_bitstream -jobs 3
wait_on_run impl_1
